Analysis & Synthesis report for VectorizedCPU
Sun Oct 23 20:41:53 2022
Quartus Prime Version 18.1.0 Build 625 09/12/2018 SJ Lite Edition


---------------------
; Table of Contents ;
---------------------
  1. Legal Notice
  2. Analysis & Synthesis Summary
  3. Analysis & Synthesis Settings
  4. Parallel Compilation
  5. Analysis & Synthesis Source Files Read
  6. Analysis & Synthesis Resource Usage Summary
  7. Analysis & Synthesis Resource Utilization by Entity
  8. Analysis & Synthesis DSP Block Usage Summary
  9. General Register Statistics
 10. Multiplexer Restructuring Statistics (Restructuring Performed)
 11. Parameter Settings for User Entity Instance: Top-level Entity: |ALU
 12. Parameter Settings for User Entity Instance: Adder_Substractor:Sumador
 13. Parameter Settings for User Entity Instance: Adder_Substractor:Sumador|Complement:FullComplement
 14. Parameter Settings for User Entity Instance: Adder_Substractor:Restador
 15. Parameter Settings for User Entity Instance: Adder_Substractor:Restador|Complement:FullComplement
 16. Parameter Settings for User Entity Instance: multiplicador:Multiplicador
 17. Parameter Settings for User Entity Instance: divisor:Divisor
 18. Parameter Settings for Inferred Entity Instance: divisor:Divisor|lpm_divide:Div0
 19. Parameter Settings for Inferred Entity Instance: multiplicador:Multiplicador|lpm_mult:Mult0
 20. lpm_mult Parameter Settings by Entity Instance
 21. Port Connectivity Checks: "Adder_Substractor:Restador"
 22. Port Connectivity Checks: "Adder_Substractor:Sumador"
 23. Post-Synthesis Netlist Statistics for Top Partition
 24. Elapsed Time Per Partition
 25. Analysis & Synthesis Messages
 26. Analysis & Synthesis Suppressed Messages



----------------
; Legal Notice ;
----------------
Copyright (C) 2018  Intel Corporation. All rights reserved.
Your use of Intel Corporation's design tools, logic functions 
and other software and tools, and its AMPP partner logic 
functions, and any output files from any of the foregoing 
(including device programming or simulation files), and any 
associated documentation or information are expressly subject 
to the terms and conditions of the Intel Program License 
Subscription Agreement, the Intel Quartus Prime License Agreement,
the Intel FPGA IP License Agreement, or other applicable license
agreement, including, without limitation, that your use is for
the sole purpose of programming logic devices manufactured by
Intel and sold by Intel or its authorized distributors.  Please
refer to the applicable agreement for further details.



+----------------------------------------------------------------------------------+
; Analysis & Synthesis Summary                                                     ;
+------------------------------------+---------------------------------------------+
; Analysis & Synthesis Status        ; Successful - Sun Oct 23 20:41:53 2022       ;
; Quartus Prime Version              ; 18.1.0 Build 625 09/12/2018 SJ Lite Edition ;
; Revision Name                      ; VectorizedCPU                               ;
; Top-level Entity Name              ; ALU                                         ;
; Family                             ; Cyclone IV GX                               ;
; Total logic elements               ; 578                                         ;
;     Total combinational functions  ; 578                                         ;
;     Dedicated logic registers      ; 0                                           ;
; Total registers                    ; 0                                           ;
; Total pins                         ; 61                                          ;
; Total virtual pins                 ; 0                                           ;
; Total memory bits                  ; 0                                           ;
; Embedded Multiplier 9-bit elements ; 2                                           ;
; Total GXB Receiver Channel PCS     ; 0                                           ;
; Total GXB Receiver Channel PMA     ; 0                                           ;
; Total GXB Transmitter Channel PCS  ; 0                                           ;
; Total GXB Transmitter Channel PMA  ; 0                                           ;
; Total PLLs                         ; 0                                           ;
+------------------------------------+---------------------------------------------+


+------------------------------------------------------------------------------------------------------------+
; Analysis & Synthesis Settings                                                                              ;
+------------------------------------------------------------------+--------------------+--------------------+
; Option                                                           ; Setting            ; Default Value      ;
+------------------------------------------------------------------+--------------------+--------------------+
; Device                                                           ; EP4CGX150DF31C7    ;                    ;
; Top-level entity name                                            ; ALU                ; VectorizedCPU      ;
; Family name                                                      ; Cyclone IV GX      ; Cyclone V          ;
; Maximum processors allowed for parallel compilation              ; All                ;                    ;
; Use smart compilation                                            ; Off                ; Off                ;
; Enable parallel Assembler and Timing Analyzer during compilation ; On                 ; On                 ;
; Enable compact report table                                      ; Off                ; Off                ;
; Restructure Multiplexers                                         ; Auto               ; Auto               ;
; Create Debugging Nodes for IP Cores                              ; Off                ; Off                ;
; Preserve fewer node names                                        ; On                 ; On                 ;
; Intel FPGA IP Evaluation Mode                                    ; Enable             ; Enable             ;
; Verilog Version                                                  ; Verilog_2001       ; Verilog_2001       ;
; VHDL Version                                                     ; VHDL_1993          ; VHDL_1993          ;
; State Machine Processing                                         ; Auto               ; Auto               ;
; Safe State Machine                                               ; Off                ; Off                ;
; Extract Verilog State Machines                                   ; On                 ; On                 ;
; Extract VHDL State Machines                                      ; On                 ; On                 ;
; Ignore Verilog initial constructs                                ; Off                ; Off                ;
; Iteration limit for constant Verilog loops                       ; 5000               ; 5000               ;
; Iteration limit for non-constant Verilog loops                   ; 250                ; 250                ;
; Add Pass-Through Logic to Inferred RAMs                          ; On                 ; On                 ;
; Infer RAMs from Raw Logic                                        ; On                 ; On                 ;
; Parallel Synthesis                                               ; On                 ; On                 ;
; DSP Block Balancing                                              ; Auto               ; Auto               ;
; NOT Gate Push-Back                                               ; On                 ; On                 ;
; Power-Up Don't Care                                              ; On                 ; On                 ;
; Remove Redundant Logic Cells                                     ; Off                ; Off                ;
; Remove Duplicate Registers                                       ; On                 ; On                 ;
; Ignore CARRY Buffers                                             ; Off                ; Off                ;
; Ignore CASCADE Buffers                                           ; Off                ; Off                ;
; Ignore GLOBAL Buffers                                            ; Off                ; Off                ;
; Ignore ROW GLOBAL Buffers                                        ; Off                ; Off                ;
; Ignore LCELL Buffers                                             ; Off                ; Off                ;
; Ignore SOFT Buffers                                              ; On                 ; On                 ;
; Limit AHDL Integers to 32 Bits                                   ; Off                ; Off                ;
; Optimization Technique                                           ; Balanced           ; Balanced           ;
; Carry Chain Length                                               ; 70                 ; 70                 ;
; Auto Carry Chains                                                ; On                 ; On                 ;
; Auto Open-Drain Pins                                             ; On                 ; On                 ;
; Perform WYSIWYG Primitive Resynthesis                            ; Off                ; Off                ;
; Auto ROM Replacement                                             ; On                 ; On                 ;
; Auto RAM Replacement                                             ; On                 ; On                 ;
; Auto DSP Block Replacement                                       ; On                 ; On                 ;
; Auto Shift Register Replacement                                  ; Auto               ; Auto               ;
; Allow Shift Register Merging across Hierarchies                  ; Auto               ; Auto               ;
; Auto Clock Enable Replacement                                    ; On                 ; On                 ;
; Strict RAM Replacement                                           ; Off                ; Off                ;
; Allow Synchronous Control Signals                                ; On                 ; On                 ;
; Force Use of Synchronous Clear Signals                           ; Off                ; Off                ;
; Auto RAM Block Balancing                                         ; On                 ; On                 ;
; Auto RAM to Logic Cell Conversion                                ; Off                ; Off                ;
; Auto Resource Sharing                                            ; Off                ; Off                ;
; Allow Any RAM Size For Recognition                               ; Off                ; Off                ;
; Allow Any ROM Size For Recognition                               ; Off                ; Off                ;
; Allow Any Shift Register Size For Recognition                    ; Off                ; Off                ;
; Use LogicLock Constraints during Resource Balancing              ; On                 ; On                 ;
; Ignore translate_off and synthesis_off directives                ; Off                ; Off                ;
; Timing-Driven Synthesis                                          ; On                 ; On                 ;
; Report Parameter Settings                                        ; On                 ; On                 ;
; Report Source Assignments                                        ; On                 ; On                 ;
; Report Connectivity Checks                                       ; On                 ; On                 ;
; Ignore Maximum Fan-Out Assignments                               ; Off                ; Off                ;
; Synchronization Register Chain Length                            ; 2                  ; 2                  ;
; Power Optimization During Synthesis                              ; Normal compilation ; Normal compilation ;
; HDL message level                                                ; Level2             ; Level2             ;
; Suppress Register Optimization Related Messages                  ; Off                ; Off                ;
; Number of Removed Registers Reported in Synthesis Report         ; 5000               ; 5000               ;
; Number of Swept Nodes Reported in Synthesis Report               ; 5000               ; 5000               ;
; Number of Inverted Registers Reported in Synthesis Report        ; 100                ; 100                ;
; Clock MUX Protection                                             ; On                 ; On                 ;
; Auto Gated Clock Conversion                                      ; Off                ; Off                ;
; Block Design Naming                                              ; Auto               ; Auto               ;
; SDC constraint protection                                        ; Off                ; Off                ;
; Synthesis Effort                                                 ; Auto               ; Auto               ;
; Shift Register Replacement - Allow Asynchronous Clear Signal     ; On                 ; On                 ;
; Pre-Mapping Resynthesis Optimization                             ; Off                ; Off                ;
; Analysis & Synthesis Message Level                               ; Medium             ; Medium             ;
; Disable Register Merging Across Hierarchies                      ; Auto               ; Auto               ;
; Resource Aware Inference For Block RAM                           ; On                 ; On                 ;
+------------------------------------------------------------------+--------------------+--------------------+


+------------------------------------------+
; Parallel Compilation                     ;
+----------------------------+-------------+
; Processors                 ; Number      ;
+----------------------------+-------------+
; Number detected on machine ; 16          ;
; Maximum allowed            ; 16          ;
;                            ;             ;
; Average used               ; 1.00        ;
; Maximum used               ; 1           ;
;                            ;             ;
; Usage by Processor         ; % Time Used ;
;     Processor 1            ; 100.0%      ;
+----------------------------+-------------+


+-----------------------------------------------------------------------------------------------------------------------------------------------------------------------------------------------------------------------------------+
; Analysis & Synthesis Source Files Read                                                                                                                                                                                            ;
+----------------------------------+-----------------+------------------------------+-------------------------------------------------------------------------------------------------------------------------------------+---------+
; File Name with User-Entered Path ; Used in Netlist ; File Type                    ; File Name with Absolute Path                                                                                                        ; Library ;
+----------------------------------+-----------------+------------------------------+-------------------------------------------------------------------------------------------------------------------------------------+---------+
; Execute/ALU/multiplicador.sv     ; yes             ; User SystemVerilog HDL File  ; C:/Users/abiga/Desktop/ArquiII/ComputerArchitecture2_VectorCPU/Microarchitecture/microarquitectura/Execute/ALU/multiplicador.sv     ;         ;
; Execute/ALU/FullAdder.sv         ; yes             ; User SystemVerilog HDL File  ; C:/Users/abiga/Desktop/ArquiII/ComputerArchitecture2_VectorCPU/Microarchitecture/microarquitectura/Execute/ALU/FullAdder.sv         ;         ;
; Execute/ALU/divisor.sv           ; yes             ; User SystemVerilog HDL File  ; C:/Users/abiga/Desktop/ArquiII/ComputerArchitecture2_VectorCPU/Microarchitecture/microarquitectura/Execute/ALU/divisor.sv           ;         ;
; Execute/ALU/Complement.sv        ; yes             ; User SystemVerilog HDL File  ; C:/Users/abiga/Desktop/ArquiII/ComputerArchitecture2_VectorCPU/Microarchitecture/microarquitectura/Execute/ALU/Complement.sv        ;         ;
; Execute/ALU/ALU.sv               ; yes             ; User SystemVerilog HDL File  ; C:/Users/abiga/Desktop/ArquiII/ComputerArchitecture2_VectorCPU/Microarchitecture/microarquitectura/Execute/ALU/ALU.sv               ;         ;
; Execute/ALU/Adder_Substractor.sv ; yes             ; User SystemVerilog HDL File  ; C:/Users/abiga/Desktop/ArquiII/ComputerArchitecture2_VectorCPU/Microarchitecture/microarquitectura/Execute/ALU/Adder_Substractor.sv ;         ;
; lpm_divide.tdf                   ; yes             ; Megafunction                 ; c:/intelfpga_lite/18.1/quartus/libraries/megafunctions/lpm_divide.tdf                                                               ;         ;
; abs_divider.inc                  ; yes             ; Megafunction                 ; c:/intelfpga_lite/18.1/quartus/libraries/megafunctions/abs_divider.inc                                                              ;         ;
; sign_div_unsign.inc              ; yes             ; Megafunction                 ; c:/intelfpga_lite/18.1/quartus/libraries/megafunctions/sign_div_unsign.inc                                                          ;         ;
; aglobal181.inc                   ; yes             ; Megafunction                 ; c:/intelfpga_lite/18.1/quartus/libraries/megafunctions/aglobal181.inc                                                               ;         ;
; db/lpm_divide_b6p.tdf            ; yes             ; Auto-Generated Megafunction  ; C:/Users/abiga/Desktop/ArquiII/ComputerArchitecture2_VectorCPU/Microarchitecture/microarquitectura/db/lpm_divide_b6p.tdf            ;         ;
; db/abs_divider_cdg.tdf           ; yes             ; Auto-Generated Megafunction  ; C:/Users/abiga/Desktop/ArquiII/ComputerArchitecture2_VectorCPU/Microarchitecture/microarquitectura/db/abs_divider_cdg.tdf           ;         ;
; db/alt_u_div_gef.tdf             ; yes             ; Auto-Generated Megafunction  ; C:/Users/abiga/Desktop/ArquiII/ComputerArchitecture2_VectorCPU/Microarchitecture/microarquitectura/db/alt_u_div_gef.tdf             ;         ;
; db/add_sub_1tc.tdf               ; yes             ; Auto-Generated Megafunction  ; C:/Users/abiga/Desktop/ArquiII/ComputerArchitecture2_VectorCPU/Microarchitecture/microarquitectura/db/add_sub_1tc.tdf               ;         ;
; db/add_sub_2tc.tdf               ; yes             ; Auto-Generated Megafunction  ; C:/Users/abiga/Desktop/ArquiII/ComputerArchitecture2_VectorCPU/Microarchitecture/microarquitectura/db/add_sub_2tc.tdf               ;         ;
; db/lpm_abs_g4a.tdf               ; yes             ; Auto-Generated Megafunction  ; C:/Users/abiga/Desktop/ArquiII/ComputerArchitecture2_VectorCPU/Microarchitecture/microarquitectura/db/lpm_abs_g4a.tdf               ;         ;
; lpm_mult.tdf                     ; yes             ; Megafunction                 ; c:/intelfpga_lite/18.1/quartus/libraries/megafunctions/lpm_mult.tdf                                                                 ;         ;
; lpm_add_sub.inc                  ; yes             ; Megafunction                 ; c:/intelfpga_lite/18.1/quartus/libraries/megafunctions/lpm_add_sub.inc                                                              ;         ;
; multcore.inc                     ; yes             ; Megafunction                 ; c:/intelfpga_lite/18.1/quartus/libraries/megafunctions/multcore.inc                                                                 ;         ;
; bypassff.inc                     ; yes             ; Megafunction                 ; c:/intelfpga_lite/18.1/quartus/libraries/megafunctions/bypassff.inc                                                                 ;         ;
; altshift.inc                     ; yes             ; Megafunction                 ; c:/intelfpga_lite/18.1/quartus/libraries/megafunctions/altshift.inc                                                                 ;         ;
; db/mult_6at.tdf                  ; yes             ; Auto-Generated Megafunction  ; C:/Users/abiga/Desktop/ArquiII/ComputerArchitecture2_VectorCPU/Microarchitecture/microarquitectura/db/mult_6at.tdf                  ;         ;
+----------------------------------+-----------------+------------------------------+-------------------------------------------------------------------------------------------------------------------------------------+---------+


+---------------------------------------------+
; Analysis & Synthesis Resource Usage Summary ;
+--------------------------+------------------+
; Resource                 ; Usage            ;
+--------------------------+------------------+
; I/O pins                 ; 61               ;
;                          ;                  ;
; DSP block 9-bit elements ; 2                ;
;                          ;                  ;
; Maximum fan-out node     ; sel[1]~input     ;
; Maximum fan-out          ; 66               ;
; Total fan-out            ; 2057             ;
; Average fan-out          ; 2.93             ;
+--------------------------+------------------+


+------------------------------------------------------------------------------------------------------------------------------------------------------------------------------------------------------------------------------------------------------------------------------------------------------------------------------------------------------------------------------+
; Analysis & Synthesis Resource Utilization by Entity                                                                                                                                                                                                                                                                                                                          ;
+-----------------------------------------------------------+---------------------+---------------------------+-------------+--------------+---------+-----------+-----------+------+--------------+----------------------------------------------------------------------------------------------------------------------------------------+-------------------+--------------+
; Compilation Hierarchy Node                                ; Combinational ALUTs ; Dedicated Logic Registers ; Memory Bits ; DSP Elements ; DSP 9x9 ; DSP 18x18 ; DSP 36x36 ; Pins ; Virtual Pins ; Full Hierarchy Name                                                                                                                    ; Entity Name       ; Library Name ;
+-----------------------------------------------------------+---------------------+---------------------------+-------------+--------------+---------+-----------+-----------+------+--------------+----------------------------------------------------------------------------------------------------------------------------------------+-------------------+--------------+
; |ALU                                                      ; 578 (84)            ; 0 (0)                     ; 0           ; 2            ; 0       ; 1         ; 0         ; 61   ; 0            ; |ALU                                                                                                                                   ; ALU               ; work         ;
;    |Adder_Substractor:Restador|                           ; 19 (0)              ; 0 (0)                     ; 0           ; 0            ; 0       ; 0         ; 0         ; 0    ; 0            ; |ALU|Adder_Substractor:Restador                                                                                                        ; Adder_Substractor ; work         ;
;       |FullAdder:generate_Adder_Substractor[10].bitAdder| ; 1 (1)               ; 0 (0)                     ; 0           ; 0            ; 0       ; 0         ; 0         ; 0    ; 0            ; |ALU|Adder_Substractor:Restador|FullAdder:generate_Adder_Substractor[10].bitAdder                                                      ; FullAdder         ; work         ;
;       |FullAdder:generate_Adder_Substractor[11].bitAdder| ; 1 (1)               ; 0 (0)                     ; 0           ; 0            ; 0       ; 0         ; 0         ; 0    ; 0            ; |ALU|Adder_Substractor:Restador|FullAdder:generate_Adder_Substractor[11].bitAdder                                                      ; FullAdder         ; work         ;
;       |FullAdder:generate_Adder_Substractor[12].bitAdder| ; 1 (1)               ; 0 (0)                     ; 0           ; 0            ; 0       ; 0         ; 0         ; 0    ; 0            ; |ALU|Adder_Substractor:Restador|FullAdder:generate_Adder_Substractor[12].bitAdder                                                      ; FullAdder         ; work         ;
;       |FullAdder:generate_Adder_Substractor[13].bitAdder| ; 1 (1)               ; 0 (0)                     ; 0           ; 0            ; 0       ; 0         ; 0         ; 0    ; 0            ; |ALU|Adder_Substractor:Restador|FullAdder:generate_Adder_Substractor[13].bitAdder                                                      ; FullAdder         ; work         ;
;       |FullAdder:generate_Adder_Substractor[14].bitAdder| ; 1 (1)               ; 0 (0)                     ; 0           ; 0            ; 0       ; 0         ; 0         ; 0    ; 0            ; |ALU|Adder_Substractor:Restador|FullAdder:generate_Adder_Substractor[14].bitAdder                                                      ; FullAdder         ; work         ;
;       |FullAdder:generate_Adder_Substractor[15].bitAdder| ; 1 (1)               ; 0 (0)                     ; 0           ; 0            ; 0       ; 0         ; 0         ; 0    ; 0            ; |ALU|Adder_Substractor:Restador|FullAdder:generate_Adder_Substractor[15].bitAdder                                                      ; FullAdder         ; work         ;
;       |FullAdder:generate_Adder_Substractor[16].bitAdder| ; 1 (1)               ; 0 (0)                     ; 0           ; 0            ; 0       ; 0         ; 0         ; 0    ; 0            ; |ALU|Adder_Substractor:Restador|FullAdder:generate_Adder_Substractor[16].bitAdder                                                      ; FullAdder         ; work         ;
;       |FullAdder:generate_Adder_Substractor[17].bitAdder| ; 1 (1)               ; 0 (0)                     ; 0           ; 0            ; 0       ; 0         ; 0         ; 0    ; 0            ; |ALU|Adder_Substractor:Restador|FullAdder:generate_Adder_Substractor[17].bitAdder                                                      ; FullAdder         ; work         ;
;       |FullAdder:generate_Adder_Substractor[1].bitAdder|  ; 1 (1)               ; 0 (0)                     ; 0           ; 0            ; 0       ; 0         ; 0         ; 0    ; 0            ; |ALU|Adder_Substractor:Restador|FullAdder:generate_Adder_Substractor[1].bitAdder                                                       ; FullAdder         ; work         ;
;       |FullAdder:generate_Adder_Substractor[2].bitAdder|  ; 1 (1)               ; 0 (0)                     ; 0           ; 0            ; 0       ; 0         ; 0         ; 0    ; 0            ; |ALU|Adder_Substractor:Restador|FullAdder:generate_Adder_Substractor[2].bitAdder                                                       ; FullAdder         ; work         ;
;       |FullAdder:generate_Adder_Substractor[4].bitAdder|  ; 4 (4)               ; 0 (0)                     ; 0           ; 0            ; 0       ; 0         ; 0         ; 0    ; 0            ; |ALU|Adder_Substractor:Restador|FullAdder:generate_Adder_Substractor[4].bitAdder                                                       ; FullAdder         ; work         ;
;       |FullAdder:generate_Adder_Substractor[5].bitAdder|  ; 1 (1)               ; 0 (0)                     ; 0           ; 0            ; 0       ; 0         ; 0         ; 0    ; 0            ; |ALU|Adder_Substractor:Restador|FullAdder:generate_Adder_Substractor[5].bitAdder                                                       ; FullAdder         ; work         ;
;       |FullAdder:generate_Adder_Substractor[6].bitAdder|  ; 1 (1)               ; 0 (0)                     ; 0           ; 0            ; 0       ; 0         ; 0         ; 0    ; 0            ; |ALU|Adder_Substractor:Restador|FullAdder:generate_Adder_Substractor[6].bitAdder                                                       ; FullAdder         ; work         ;
;       |FullAdder:generate_Adder_Substractor[7].bitAdder|  ; 1 (1)               ; 0 (0)                     ; 0           ; 0            ; 0       ; 0         ; 0         ; 0    ; 0            ; |ALU|Adder_Substractor:Restador|FullAdder:generate_Adder_Substractor[7].bitAdder                                                       ; FullAdder         ; work         ;
;       |FullAdder:generate_Adder_Substractor[8].bitAdder|  ; 1 (1)               ; 0 (0)                     ; 0           ; 0            ; 0       ; 0         ; 0         ; 0    ; 0            ; |ALU|Adder_Substractor:Restador|FullAdder:generate_Adder_Substractor[8].bitAdder                                                       ; FullAdder         ; work         ;
;       |FullAdder:generate_Adder_Substractor[9].bitAdder|  ; 1 (1)               ; 0 (0)                     ; 0           ; 0            ; 0       ; 0         ; 0         ; 0    ; 0            ; |ALU|Adder_Substractor:Restador|FullAdder:generate_Adder_Substractor[9].bitAdder                                                       ; FullAdder         ; work         ;
;    |Adder_Substractor:Sumador|                            ; 19 (0)              ; 0 (0)                     ; 0           ; 0            ; 0       ; 0         ; 0         ; 0    ; 0            ; |ALU|Adder_Substractor:Sumador                                                                                                         ; Adder_Substractor ; work         ;
;       |FullAdder:generate_Adder_Substractor[10].bitAdder| ; 1 (1)               ; 0 (0)                     ; 0           ; 0            ; 0       ; 0         ; 0         ; 0    ; 0            ; |ALU|Adder_Substractor:Sumador|FullAdder:generate_Adder_Substractor[10].bitAdder                                                       ; FullAdder         ; work         ;
;       |FullAdder:generate_Adder_Substractor[11].bitAdder| ; 1 (1)               ; 0 (0)                     ; 0           ; 0            ; 0       ; 0         ; 0         ; 0    ; 0            ; |ALU|Adder_Substractor:Sumador|FullAdder:generate_Adder_Substractor[11].bitAdder                                                       ; FullAdder         ; work         ;
;       |FullAdder:generate_Adder_Substractor[12].bitAdder| ; 1 (1)               ; 0 (0)                     ; 0           ; 0            ; 0       ; 0         ; 0         ; 0    ; 0            ; |ALU|Adder_Substractor:Sumador|FullAdder:generate_Adder_Substractor[12].bitAdder                                                       ; FullAdder         ; work         ;
;       |FullAdder:generate_Adder_Substractor[13].bitAdder| ; 1 (1)               ; 0 (0)                     ; 0           ; 0            ; 0       ; 0         ; 0         ; 0    ; 0            ; |ALU|Adder_Substractor:Sumador|FullAdder:generate_Adder_Substractor[13].bitAdder                                                       ; FullAdder         ; work         ;
;       |FullAdder:generate_Adder_Substractor[14].bitAdder| ; 1 (1)               ; 0 (0)                     ; 0           ; 0            ; 0       ; 0         ; 0         ; 0    ; 0            ; |ALU|Adder_Substractor:Sumador|FullAdder:generate_Adder_Substractor[14].bitAdder                                                       ; FullAdder         ; work         ;
;       |FullAdder:generate_Adder_Substractor[15].bitAdder| ; 1 (1)               ; 0 (0)                     ; 0           ; 0            ; 0       ; 0         ; 0         ; 0    ; 0            ; |ALU|Adder_Substractor:Sumador|FullAdder:generate_Adder_Substractor[15].bitAdder                                                       ; FullAdder         ; work         ;
;       |FullAdder:generate_Adder_Substractor[16].bitAdder| ; 1 (1)               ; 0 (0)                     ; 0           ; 0            ; 0       ; 0         ; 0         ; 0    ; 0            ; |ALU|Adder_Substractor:Sumador|FullAdder:generate_Adder_Substractor[16].bitAdder                                                       ; FullAdder         ; work         ;
;       |FullAdder:generate_Adder_Substractor[17].bitAdder| ; 2 (2)               ; 0 (0)                     ; 0           ; 0            ; 0       ; 0         ; 0         ; 0    ; 0            ; |ALU|Adder_Substractor:Sumador|FullAdder:generate_Adder_Substractor[17].bitAdder                                                       ; FullAdder         ; work         ;
;       |FullAdder:generate_Adder_Substractor[1].bitAdder|  ; 1 (1)               ; 0 (0)                     ; 0           ; 0            ; 0       ; 0         ; 0         ; 0    ; 0            ; |ALU|Adder_Substractor:Sumador|FullAdder:generate_Adder_Substractor[1].bitAdder                                                        ; FullAdder         ; work         ;
;       |FullAdder:generate_Adder_Substractor[2].bitAdder|  ; 1 (1)               ; 0 (0)                     ; 0           ; 0            ; 0       ; 0         ; 0         ; 0    ; 0            ; |ALU|Adder_Substractor:Sumador|FullAdder:generate_Adder_Substractor[2].bitAdder                                                        ; FullAdder         ; work         ;
;       |FullAdder:generate_Adder_Substractor[3].bitAdder|  ; 1 (1)               ; 0 (0)                     ; 0           ; 0            ; 0       ; 0         ; 0         ; 0    ; 0            ; |ALU|Adder_Substractor:Sumador|FullAdder:generate_Adder_Substractor[3].bitAdder                                                        ; FullAdder         ; work         ;
;       |FullAdder:generate_Adder_Substractor[4].bitAdder|  ; 2 (2)               ; 0 (0)                     ; 0           ; 0            ; 0       ; 0         ; 0         ; 0    ; 0            ; |ALU|Adder_Substractor:Sumador|FullAdder:generate_Adder_Substractor[4].bitAdder                                                        ; FullAdder         ; work         ;
;       |FullAdder:generate_Adder_Substractor[5].bitAdder|  ; 1 (1)               ; 0 (0)                     ; 0           ; 0            ; 0       ; 0         ; 0         ; 0    ; 0            ; |ALU|Adder_Substractor:Sumador|FullAdder:generate_Adder_Substractor[5].bitAdder                                                        ; FullAdder         ; work         ;
;       |FullAdder:generate_Adder_Substractor[6].bitAdder|  ; 1 (1)               ; 0 (0)                     ; 0           ; 0            ; 0       ; 0         ; 0         ; 0    ; 0            ; |ALU|Adder_Substractor:Sumador|FullAdder:generate_Adder_Substractor[6].bitAdder                                                        ; FullAdder         ; work         ;
;       |FullAdder:generate_Adder_Substractor[7].bitAdder|  ; 1 (1)               ; 0 (0)                     ; 0           ; 0            ; 0       ; 0         ; 0         ; 0    ; 0            ; |ALU|Adder_Substractor:Sumador|FullAdder:generate_Adder_Substractor[7].bitAdder                                                        ; FullAdder         ; work         ;
;       |FullAdder:generate_Adder_Substractor[8].bitAdder|  ; 1 (1)               ; 0 (0)                     ; 0           ; 0            ; 0       ; 0         ; 0         ; 0    ; 0            ; |ALU|Adder_Substractor:Sumador|FullAdder:generate_Adder_Substractor[8].bitAdder                                                        ; FullAdder         ; work         ;
;       |FullAdder:generate_Adder_Substractor[9].bitAdder|  ; 1 (1)               ; 0 (0)                     ; 0           ; 0            ; 0       ; 0         ; 0         ; 0    ; 0            ; |ALU|Adder_Substractor:Sumador|FullAdder:generate_Adder_Substractor[9].bitAdder                                                        ; FullAdder         ; work         ;
;    |divisor:Divisor|                                      ; 446 (0)             ; 0 (0)                     ; 0           ; 0            ; 0       ; 0         ; 0         ; 0    ; 0            ; |ALU|divisor:Divisor                                                                                                                   ; divisor           ; work         ;
;       |lpm_divide:Div0|                                   ; 446 (0)             ; 0 (0)                     ; 0           ; 0            ; 0       ; 0         ; 0         ; 0    ; 0            ; |ALU|divisor:Divisor|lpm_divide:Div0                                                                                                   ; lpm_divide        ; work         ;
;          |lpm_divide_b6p:auto_generated|                  ; 446 (0)             ; 0 (0)                     ; 0           ; 0            ; 0       ; 0         ; 0         ; 0    ; 0            ; |ALU|divisor:Divisor|lpm_divide:Div0|lpm_divide_b6p:auto_generated                                                                     ; lpm_divide_b6p    ; work         ;
;             |abs_divider_cdg:divider|                     ; 446 (35)            ; 0 (0)                     ; 0           ; 0            ; 0       ; 0         ; 0         ; 0    ; 0            ; |ALU|divisor:Divisor|lpm_divide:Div0|lpm_divide_b6p:auto_generated|abs_divider_cdg:divider                                             ; abs_divider_cdg   ; work         ;
;                |alt_u_div_gef:divider|                    ; 357 (354)           ; 0 (0)                     ; 0           ; 0            ; 0       ; 0         ; 0         ; 0    ; 0            ; |ALU|divisor:Divisor|lpm_divide:Div0|lpm_divide_b6p:auto_generated|abs_divider_cdg:divider|alt_u_div_gef:divider                       ; alt_u_div_gef     ; work         ;
;                   |add_sub_1tc:add_sub_0|                 ; 1 (1)               ; 0 (0)                     ; 0           ; 0            ; 0       ; 0         ; 0         ; 0    ; 0            ; |ALU|divisor:Divisor|lpm_divide:Div0|lpm_divide_b6p:auto_generated|abs_divider_cdg:divider|alt_u_div_gef:divider|add_sub_1tc:add_sub_0 ; add_sub_1tc       ; work         ;
;                   |add_sub_2tc:add_sub_1|                 ; 2 (2)               ; 0 (0)                     ; 0           ; 0            ; 0       ; 0         ; 0         ; 0    ; 0            ; |ALU|divisor:Divisor|lpm_divide:Div0|lpm_divide_b6p:auto_generated|abs_divider_cdg:divider|alt_u_div_gef:divider|add_sub_2tc:add_sub_1 ; add_sub_2tc       ; work         ;
;                |lpm_abs_g4a:my_abs_den|                   ; 30 (30)             ; 0 (0)                     ; 0           ; 0            ; 0       ; 0         ; 0         ; 0    ; 0            ; |ALU|divisor:Divisor|lpm_divide:Div0|lpm_divide_b6p:auto_generated|abs_divider_cdg:divider|lpm_abs_g4a:my_abs_den                      ; lpm_abs_g4a       ; work         ;
;                |lpm_abs_g4a:my_abs_num|                   ; 24 (24)             ; 0 (0)                     ; 0           ; 0            ; 0       ; 0         ; 0         ; 0    ; 0            ; |ALU|divisor:Divisor|lpm_divide:Div0|lpm_divide_b6p:auto_generated|abs_divider_cdg:divider|lpm_abs_g4a:my_abs_num                      ; lpm_abs_g4a       ; work         ;
;    |multiplicador:Multiplicador|                          ; 10 (10)             ; 0 (0)                     ; 0           ; 2            ; 0       ; 1         ; 0         ; 0    ; 0            ; |ALU|multiplicador:Multiplicador                                                                                                       ; multiplicador     ; work         ;
;       |lpm_mult:Mult0|                                    ; 0 (0)               ; 0 (0)                     ; 0           ; 2            ; 0       ; 1         ; 0         ; 0    ; 0            ; |ALU|multiplicador:Multiplicador|lpm_mult:Mult0                                                                                        ; lpm_mult          ; work         ;
;          |mult_6at:auto_generated|                        ; 0 (0)               ; 0 (0)                     ; 0           ; 2            ; 0       ; 1         ; 0         ; 0    ; 0            ; |ALU|multiplicador:Multiplicador|lpm_mult:Mult0|mult_6at:auto_generated                                                                ; mult_6at          ; work         ;
+-----------------------------------------------------------+---------------------+---------------------------+-------------+--------------+---------+-----------+-----------+------+--------------+----------------------------------------------------------------------------------------------------------------------------------------+-------------------+--------------+
Note: For table entries with two numbers listed, the numbers in parentheses indicate the number of resources of the given type used by the specific entity alone. The numbers listed outside of parentheses indicate the total resources of the given type used by the specific entity and all of its sub-entities in the hierarchy.


+-----------------------------------------------------+
; Analysis & Synthesis DSP Block Usage Summary        ;
+---------------------------------------+-------------+
; Statistic                             ; Number Used ;
+---------------------------------------+-------------+
; Simple Multipliers (9-bit)            ; 0           ;
; Simple Multipliers (18-bit)           ; 1           ;
; Simple Multipliers (36-bit)           ; 0           ;
; Multiply Accumulators (18-bit)        ; 0           ;
; Two-Multipliers Adders (9-bit)        ; 0           ;
; Two-Multipliers Adders (18-bit)       ; 0           ;
; Four-Multipliers Adders (9-bit)       ; 0           ;
; Four-Multipliers Adders (18-bit)      ; 0           ;
; Embedded Multiplier Blocks            ; --          ;
; Embedded Multiplier 9-bit elements    ; 2           ;
; Signed Embedded Multipliers           ; 1           ;
; Unsigned Embedded Multipliers         ; 0           ;
; Mixed Sign Embedded Multipliers       ; 0           ;
; Variable Sign Embedded Multipliers    ; 0           ;
; Dedicated Input Shift Register Chains ; 0           ;
+---------------------------------------+-------------+
Note: number of Embedded Multiplier Blocks used is only available after a successful fit.


+------------------------------------------------------+
; General Register Statistics                          ;
+----------------------------------------------+-------+
; Statistic                                    ; Value ;
+----------------------------------------------+-------+
; Total registers                              ; 0     ;
; Number of registers using Synchronous Clear  ; 0     ;
; Number of registers using Synchronous Load   ; 0     ;
; Number of registers using Asynchronous Clear ; 0     ;
; Number of registers using Asynchronous Load  ; 0     ;
; Number of registers using Clock Enable       ; 0     ;
; Number of registers using Preset             ; 0     ;
+----------------------------------------------+-------+


+------------------------------------------------------------------------------------------------------------------------------------------+
; Multiplexer Restructuring Statistics (Restructuring Performed)                                                                           ;
+--------------------+-----------+---------------+----------------------+------------------------+------------+----------------------------+
; Multiplexer Inputs ; Bus Width ; Baseline Area ; Area if Restructured ; Saving if Restructured ; Registered ; Example Multiplexer Output ;
+--------------------+-----------+---------------+----------------------+------------------------+------------+----------------------------+
; 8:1                ; 17 bits   ; 85 LEs        ; 51 LEs               ; 34 LEs                 ; No         ; |ALU|Mux16                 ;
+--------------------+-----------+---------------+----------------------+------------------------+------------+----------------------------+


+---------------------------------------------------------------------+
; Parameter Settings for User Entity Instance: Top-level Entity: |ALU ;
+----------------+-------+--------------------------------------------+
; Parameter Name ; Value ; Type                                       ;
+----------------+-------+--------------------------------------------+
; WIDTH          ; 18    ; Signed Integer                             ;
+----------------+-------+--------------------------------------------+
Note: In order to hide this table in the UI and the text report file, please set the "Show Parameter Settings in Synthesis Report" option in "Analysis and Synthesis Settings -> More Settings" to "Off".


+------------------------------------------------------------------------+
; Parameter Settings for User Entity Instance: Adder_Substractor:Sumador ;
+----------------+-------+-----------------------------------------------+
; Parameter Name ; Value ; Type                                          ;
+----------------+-------+-----------------------------------------------+
; WIDTH          ; 18    ; Signed Integer                                ;
+----------------+-------+-----------------------------------------------+
Note: In order to hide this table in the UI and the text report file, please set the "Show Parameter Settings in Synthesis Report" option in "Analysis and Synthesis Settings -> More Settings" to "Off".


+--------------------------------------------------------------------------------------------------+
; Parameter Settings for User Entity Instance: Adder_Substractor:Sumador|Complement:FullComplement ;
+----------------+-------+-------------------------------------------------------------------------+
; Parameter Name ; Value ; Type                                                                    ;
+----------------+-------+-------------------------------------------------------------------------+
; WIDTH          ; 18    ; Signed Integer                                                          ;
+----------------+-------+-------------------------------------------------------------------------+
Note: In order to hide this table in the UI and the text report file, please set the "Show Parameter Settings in Synthesis Report" option in "Analysis and Synthesis Settings -> More Settings" to "Off".


+-------------------------------------------------------------------------+
; Parameter Settings for User Entity Instance: Adder_Substractor:Restador ;
+----------------+-------+------------------------------------------------+
; Parameter Name ; Value ; Type                                           ;
+----------------+-------+------------------------------------------------+
; WIDTH          ; 18    ; Signed Integer                                 ;
+----------------+-------+------------------------------------------------+
Note: In order to hide this table in the UI and the text report file, please set the "Show Parameter Settings in Synthesis Report" option in "Analysis and Synthesis Settings -> More Settings" to "Off".


+---------------------------------------------------------------------------------------------------+
; Parameter Settings for User Entity Instance: Adder_Substractor:Restador|Complement:FullComplement ;
+----------------+-------+--------------------------------------------------------------------------+
; Parameter Name ; Value ; Type                                                                     ;
+----------------+-------+--------------------------------------------------------------------------+
; WIDTH          ; 18    ; Signed Integer                                                           ;
+----------------+-------+--------------------------------------------------------------------------+
Note: In order to hide this table in the UI and the text report file, please set the "Show Parameter Settings in Synthesis Report" option in "Analysis and Synthesis Settings -> More Settings" to "Off".


+--------------------------------------------------------------------------+
; Parameter Settings for User Entity Instance: multiplicador:Multiplicador ;
+----------------+-------+-------------------------------------------------+
; Parameter Name ; Value ; Type                                            ;
+----------------+-------+-------------------------------------------------+
; n              ; 18    ; Signed Integer                                  ;
+----------------+-------+-------------------------------------------------+
Note: In order to hide this table in the UI and the text report file, please set the "Show Parameter Settings in Synthesis Report" option in "Analysis and Synthesis Settings -> More Settings" to "Off".


+--------------------------------------------------------------+
; Parameter Settings for User Entity Instance: divisor:Divisor ;
+----------------+-------+-------------------------------------+
; Parameter Name ; Value ; Type                                ;
+----------------+-------+-------------------------------------+
; n              ; 18    ; Signed Integer                      ;
+----------------+-------+-------------------------------------+
Note: In order to hide this table in the UI and the text report file, please set the "Show Parameter Settings in Synthesis Report" option in "Analysis and Synthesis Settings -> More Settings" to "Off".


+----------------------------------------------------------------------------------+
; Parameter Settings for Inferred Entity Instance: divisor:Divisor|lpm_divide:Div0 ;
+------------------------+----------------+----------------------------------------+
; Parameter Name         ; Value          ; Type                                   ;
+------------------------+----------------+----------------------------------------+
; LPM_WIDTHN             ; 18             ; Untyped                                ;
; LPM_WIDTHD             ; 18             ; Untyped                                ;
; LPM_NREPRESENTATION    ; SIGNED         ; Untyped                                ;
; LPM_DREPRESENTATION    ; SIGNED         ; Untyped                                ;
; LPM_PIPELINE           ; 0              ; Untyped                                ;
; LPM_REMAINDERPOSITIVE  ; FALSE          ; Untyped                                ;
; MAXIMIZE_SPEED         ; 5              ; Untyped                                ;
; CBXI_PARAMETER         ; lpm_divide_b6p ; Untyped                                ;
; CARRY_CHAIN            ; MANUAL         ; Untyped                                ;
; OPTIMIZE_FOR_SPEED     ; 5              ; Untyped                                ;
; AUTO_CARRY_CHAINS      ; ON             ; AUTO_CARRY                             ;
; IGNORE_CARRY_BUFFERS   ; OFF            ; IGNORE_CARRY                           ;
; AUTO_CASCADE_CHAINS    ; ON             ; AUTO_CASCADE                           ;
; IGNORE_CASCADE_BUFFERS ; OFF            ; IGNORE_CASCADE                         ;
+------------------------+----------------+----------------------------------------+
Note: In order to hide this table in the UI and the text report file, please set the "Show Parameter Settings in Synthesis Report" option in "Analysis and Synthesis Settings -> More Settings" to "Off".


+---------------------------------------------------------------------------------------------+
; Parameter Settings for Inferred Entity Instance: multiplicador:Multiplicador|lpm_mult:Mult0 ;
+------------------------------------------------+---------------+----------------------------+
; Parameter Name                                 ; Value         ; Type                       ;
+------------------------------------------------+---------------+----------------------------+
; AUTO_CARRY_CHAINS                              ; ON            ; AUTO_CARRY                 ;
; IGNORE_CARRY_BUFFERS                           ; OFF           ; IGNORE_CARRY               ;
; AUTO_CASCADE_CHAINS                            ; ON            ; AUTO_CASCADE               ;
; IGNORE_CASCADE_BUFFERS                         ; OFF           ; IGNORE_CASCADE             ;
; LPM_WIDTHA                                     ; 18            ; Untyped                    ;
; LPM_WIDTHB                                     ; 18            ; Untyped                    ;
; LPM_WIDTHP                                     ; 36            ; Untyped                    ;
; LPM_WIDTHR                                     ; 36            ; Untyped                    ;
; LPM_WIDTHS                                     ; 1             ; Untyped                    ;
; LPM_REPRESENTATION                             ; SIGNED        ; Untyped                    ;
; LPM_PIPELINE                                   ; 0             ; Untyped                    ;
; LATENCY                                        ; 0             ; Untyped                    ;
; INPUT_A_IS_CONSTANT                            ; NO            ; Untyped                    ;
; INPUT_B_IS_CONSTANT                            ; NO            ; Untyped                    ;
; USE_EAB                                        ; OFF           ; Untyped                    ;
; MAXIMIZE_SPEED                                 ; 6             ; Untyped                    ;
; DEVICE_FAMILY                                  ; Cyclone IV GX ; Untyped                    ;
; CARRY_CHAIN                                    ; MANUAL        ; Untyped                    ;
; APEX20K_TECHNOLOGY_MAPPER                      ; LUT           ; TECH_MAPPER_APEX20K        ;
; DEDICATED_MULTIPLIER_CIRCUITRY                 ; AUTO          ; Untyped                    ;
; DEDICATED_MULTIPLIER_MIN_INPUT_WIDTH_FOR_AUTO  ; 0             ; Untyped                    ;
; DEDICATED_MULTIPLIER_MIN_OUTPUT_WIDTH_FOR_AUTO ; 0             ; Untyped                    ;
; CBXI_PARAMETER                                 ; mult_6at      ; Untyped                    ;
; INPUT_A_FIXED_VALUE                            ; Bx            ; Untyped                    ;
; INPUT_B_FIXED_VALUE                            ; Bx            ; Untyped                    ;
; USE_AHDL_IMPLEMENTATION                        ; OFF           ; Untyped                    ;
+------------------------------------------------+---------------+----------------------------+
Note: In order to hide this table in the UI and the text report file, please set the "Show Parameter Settings in Synthesis Report" option in "Analysis and Synthesis Settings -> More Settings" to "Off".


+------------------------------------------------------------------------------------+
; lpm_mult Parameter Settings by Entity Instance                                     ;
+---------------------------------------+--------------------------------------------+
; Name                                  ; Value                                      ;
+---------------------------------------+--------------------------------------------+
; Number of entity instances            ; 1                                          ;
; Entity Instance                       ; multiplicador:Multiplicador|lpm_mult:Mult0 ;
;     -- LPM_WIDTHA                     ; 18                                         ;
;     -- LPM_WIDTHB                     ; 18                                         ;
;     -- LPM_WIDTHP                     ; 36                                         ;
;     -- LPM_REPRESENTATION             ; SIGNED                                     ;
;     -- INPUT_A_IS_CONSTANT            ; NO                                         ;
;     -- INPUT_B_IS_CONSTANT            ; NO                                         ;
;     -- USE_EAB                        ; OFF                                        ;
;     -- DEDICATED_MULTIPLIER_CIRCUITRY ; AUTO                                       ;
;     -- INPUT_A_FIXED_VALUE            ; Bx                                         ;
;     -- INPUT_B_FIXED_VALUE            ; Bx                                         ;
+---------------------------------------+--------------------------------------------+


+------------------------------------------------------------------------------------------------------------------------------------------------------------------------------------------------------------------+
; Port Connectivity Checks: "Adder_Substractor:Restador"                                                                                                                                                           ;
+----------+-------+----------+------------------------------------------------------------------------------------------------------------------------------------------------------------------------------------+
; Port     ; Type  ; Severity ; Details                                                                                                                                                                            ;
+----------+-------+----------+------------------------------------------------------------------------------------------------------------------------------------------------------------------------------------+
; SUBS     ; Input ; Warning  ; Input port expression (32 bits) is wider than the input port (1 bits) it drives.  The 31 most-significant bit(s) in the expression will be dangling if they have no other fanouts. ;
; SUBS[-1] ; Input ; Info     ; Stuck at VCC                                                                                                                                                                       ;
+----------+-------+----------+------------------------------------------------------------------------------------------------------------------------------------------------------------------------------------+


+------------------------------------------------------------------------------------------------------------------------------------------------------------------------------------------------------------------+
; Port Connectivity Checks: "Adder_Substractor:Sumador"                                                                                                                                                            ;
+----------+-------+----------+------------------------------------------------------------------------------------------------------------------------------------------------------------------------------------+
; Port     ; Type  ; Severity ; Details                                                                                                                                                                            ;
+----------+-------+----------+------------------------------------------------------------------------------------------------------------------------------------------------------------------------------------+
; SUBS     ; Input ; Warning  ; Input port expression (32 bits) is wider than the input port (1 bits) it drives.  The 31 most-significant bit(s) in the expression will be dangling if they have no other fanouts. ;
; SUBS[-1] ; Input ; Info     ; Stuck at GND                                                                                                                                                                       ;
+----------+-------+----------+------------------------------------------------------------------------------------------------------------------------------------------------------------------------------------+


+-----------------------------------------------------+
; Post-Synthesis Netlist Statistics for Top Partition ;
+-----------------------+-----------------------------+
; Type                  ; Count                       ;
+-----------------------+-----------------------------+
; boundary_port         ; 61                          ;
; cycloneiii_lcell_comb ; 579                         ;
;     arith             ; 185                         ;
;         2 data inputs ; 1                           ;
;         3 data inputs ; 184                         ;
;     normal            ; 394                         ;
;         0 data inputs ; 16                          ;
;         1 data inputs ; 1                           ;
;         2 data inputs ; 15                          ;
;         3 data inputs ; 70                          ;
;         4 data inputs ; 292                         ;
; cycloneiii_mac_mult   ; 1                           ;
; cycloneiii_mac_out    ; 1                           ;
;                       ;                             ;
; Max LUT depth         ; 69.60                       ;
; Average LUT depth     ; 55.30                       ;
+-----------------------+-----------------------------+


+-------------------------------+
; Elapsed Time Per Partition    ;
+----------------+--------------+
; Partition Name ; Elapsed Time ;
+----------------+--------------+
; Top            ; 00:00:02     ;
+----------------+--------------+


+-------------------------------+
; Analysis & Synthesis Messages ;
+-------------------------------+
Info: *******************************************************************
Info: Running Quartus Prime Analysis & Synthesis
    Info: Version 18.1.0 Build 625 09/12/2018 SJ Lite Edition
    Info: Processing started: Sun Oct 23 20:41:37 2022
Info: Command: quartus_map --read_settings_files=on --write_settings_files=off VectorizedCPU -c VectorizedCPU
Info (20030): Parallel compilation is enabled and will use 16 of the 16 processors detected
Info (12021): Found 1 design units, including 1 entities, in source file tests/testcpu.sv
    Info (12023): Found entity 1: testCPU File: C:/Users/abiga/Desktop/ArquiII/ComputerArchitecture2_VectorCPU/Microarchitecture/microarquitectura/Tests/testCPU.sv Line: 2
Info (12021): Found 1 design units, including 1 entities, in source file execute/vector_alu/vectoraddersubstractor.sv
    Info (12023): Found entity 1: vectorAdderSubstractor File: C:/Users/abiga/Desktop/ArquiII/ComputerArchitecture2_VectorCPU/Microarchitecture/microarquitectura/Execute/VECTOR_ALU/vectorAdderSubstractor.sv Line: 1
Info (12021): Found 1 design units, including 1 entities, in source file memory/memory.sv
    Info (12023): Found entity 1: memory File: C:/Users/abiga/Desktop/ArquiII/ComputerArchitecture2_VectorCPU/Microarchitecture/microarquitectura/Memory/memory.sv Line: 15
Info (12021): Found 1 design units, including 1 entities, in source file decode/vectorregfile.sv
    Info (12023): Found entity 1: vectorRegFile File: C:/Users/abiga/Desktop/ArquiII/ComputerArchitecture2_VectorCPU/Microarchitecture/microarquitectura/Decode/vectorRegFile.sv Line: 17
Info (12021): Found 1 design units, including 1 entities, in source file decode/scalarregfile.sv
    Info (12023): Found entity 1: scalarRegFile File: C:/Users/abiga/Desktop/ArquiII/ComputerArchitecture2_VectorCPU/Microarchitecture/microarquitectura/Decode/scalarRegFile.sv Line: 15
Info (12021): Found 1 design units, including 1 entities, in source file execute/mux2.sv
    Info (12023): Found entity 1: mux2 File: C:/Users/abiga/Desktop/ArquiII/ComputerArchitecture2_VectorCPU/Microarchitecture/microarquitectura/Execute/mux2.sv Line: 11
Info (12021): Found 1 design units, including 1 entities, in source file execute/alu/xor_modulo.sv
    Info (12023): Found entity 1: xor_modulo File: C:/Users/abiga/Desktop/ArquiII/ComputerArchitecture2_VectorCPU/Microarchitecture/microarquitectura/Execute/ALU/xor_modulo.sv Line: 1
Info (12021): Found 1 design units, including 1 entities, in source file execute/alu/shiftr_modulo.sv
    Info (12023): Found entity 1: shiftR_modulo File: C:/Users/abiga/Desktop/ArquiII/ComputerArchitecture2_VectorCPU/Microarchitecture/microarquitectura/Execute/ALU/shiftR_modulo.sv Line: 1
Info (12021): Found 1 design units, including 1 entities, in source file execute/alu/shiftl_modulo.sv
    Info (12023): Found entity 1: shiftL_modulo File: C:/Users/abiga/Desktop/ArquiII/ComputerArchitecture2_VectorCPU/Microarchitecture/microarquitectura/Execute/ALU/shiftL_modulo.sv Line: 1
Info (12021): Found 1 design units, including 1 entities, in source file execute/alu/or_modulo.sv
    Info (12023): Found entity 1: or_modulo File: C:/Users/abiga/Desktop/ArquiII/ComputerArchitecture2_VectorCPU/Microarchitecture/microarquitectura/Execute/ALU/or_modulo.sv Line: 1
Info (12021): Found 1 design units, including 1 entities, in source file execute/alu/multiplicador.sv
    Info (12023): Found entity 1: multiplicador File: C:/Users/abiga/Desktop/ArquiII/ComputerArchitecture2_VectorCPU/Microarchitecture/microarquitectura/Execute/ALU/multiplicador.sv Line: 1
Info (12021): Found 1 design units, including 1 entities, in source file execute/alu/modulo.sv
    Info (12023): Found entity 1: modulo File: C:/Users/abiga/Desktop/ArquiII/ComputerArchitecture2_VectorCPU/Microarchitecture/microarquitectura/Execute/ALU/modulo.sv Line: 1
Info (12021): Found 1 design units, including 1 entities, in source file execute/alu/fulladder.sv
    Info (12023): Found entity 1: FullAdder File: C:/Users/abiga/Desktop/ArquiII/ComputerArchitecture2_VectorCPU/Microarchitecture/microarquitectura/Execute/ALU/FullAdder.sv Line: 1
Info (12021): Found 1 design units, including 1 entities, in source file execute/alu/divisor.sv
    Info (12023): Found entity 1: divisor File: C:/Users/abiga/Desktop/ArquiII/ComputerArchitecture2_VectorCPU/Microarchitecture/microarquitectura/Execute/ALU/divisor.sv Line: 2
Info (12021): Found 1 design units, including 1 entities, in source file execute/alu/complement.sv
    Info (12023): Found entity 1: Complement File: C:/Users/abiga/Desktop/ArquiII/ComputerArchitecture2_VectorCPU/Microarchitecture/microarquitectura/Execute/ALU/Complement.sv Line: 1
Info (12021): Found 1 design units, including 1 entities, in source file execute/alu/and_modulo.sv
    Info (12023): Found entity 1: and_modulo File: C:/Users/abiga/Desktop/ArquiII/ComputerArchitecture2_VectorCPU/Microarchitecture/microarquitectura/Execute/ALU/and_modulo.sv Line: 1
Info (12021): Found 1 design units, including 1 entities, in source file execute/alu/alu.sv
    Info (12023): Found entity 1: ALU File: C:/Users/abiga/Desktop/ArquiII/ComputerArchitecture2_VectorCPU/Microarchitecture/microarquitectura/Execute/ALU/ALU.sv Line: 1
Info (12021): Found 1 design units, including 1 entities, in source file execute/alu/adder_substractor.sv
    Info (12023): Found entity 1: Adder_Substractor File: C:/Users/abiga/Desktop/ArquiII/ComputerArchitecture2_VectorCPU/Microarchitecture/microarquitectura/Execute/ALU/Adder_Substractor.sv Line: 1
Info (12021): Found 1 design units, including 1 entities, in source file execute/mux3.sv
    Info (12023): Found entity 1: mux3 File: C:/Users/abiga/Desktop/ArquiII/ComputerArchitecture2_VectorCPU/Microarchitecture/microarquitectura/Execute/mux3.sv Line: 11
Info (12021): Found 1 design units, including 1 entities, in source file execute/execute.sv
    Info (12023): Found entity 1: Execute File: C:/Users/abiga/Desktop/ArquiII/ComputerArchitecture2_VectorCPU/Microarchitecture/microarquitectura/Execute/Execute.sv Line: 23
Info (12021): Found 1 design units, including 1 entities, in source file fetch/instructionmemory.sv
    Info (12023): Found entity 1: instructionMemory File: C:/Users/abiga/Desktop/ArquiII/ComputerArchitecture2_VectorCPU/Microarchitecture/microarquitectura/Fetch/instructionMemory.sv Line: 12
Info (12021): Found 1 design units, including 1 entities, in source file fetch/flipflop.sv
    Info (12023): Found entity 1: flipflop File: C:/Users/abiga/Desktop/ArquiII/ComputerArchitecture2_VectorCPU/Microarchitecture/microarquitectura/Fetch/flipflop.sv Line: 11
Info (12021): Found 1 design units, including 1 entities, in source file fetch/fetch.sv
    Info (12023): Found entity 1: Fetch File: C:/Users/abiga/Desktop/ArquiII/ComputerArchitecture2_VectorCPU/Microarchitecture/microarquitectura/Fetch/Fetch.sv Line: 14
Info (12021): Found 1 design units, including 1 entities, in source file fetch/adder.sv
    Info (12023): Found entity 1: adder File: C:/Users/abiga/Desktop/ArquiII/ComputerArchitecture2_VectorCPU/Microarchitecture/microarquitectura/Fetch/adder.sv Line: 9
Warning (12019): Can't analyze file -- file Execute/VECTOR_ALU/vectorAdder.sv is missing
Info (12021): Found 1 design units, including 1 entities, in source file execute/vector_alu/aluv.sv
    Info (12023): Found entity 1: ALUV File: C:/Users/abiga/Desktop/ArquiII/ComputerArchitecture2_VectorCPU/Microarchitecture/microarquitectura/Execute/VECTOR_ALU/ALUV.sv Line: 1
Info (12021): Found 1 design units, including 1 entities, in source file execute/vector_alu/vectormultiplier.sv
    Info (12023): Found entity 1: vectorMultiplier File: C:/Users/abiga/Desktop/ArquiII/ComputerArchitecture2_VectorCPU/Microarchitecture/microarquitectura/Execute/VECTOR_ALU/vectorMultiplier.sv Line: 1
Warning (12019): Can't analyze file -- file Execute/VECTOR_ALU/vectorDivider.sv is missing
Info (12021): Found 1 design units, including 1 entities, in source file decode/decode.sv
    Info (12023): Found entity 1: Decode File: C:/Users/abiga/Desktop/ArquiII/ComputerArchitecture2_VectorCPU/Microarchitecture/microarquitectura/Decode/Decode.sv Line: 27
Info (12021): Found 1 design units, including 1 entities, in source file cpu.sv
    Info (12023): Found entity 1: CPU File: C:/Users/abiga/Desktop/ArquiII/ComputerArchitecture2_VectorCPU/Microarchitecture/microarquitectura/CPU.sv Line: 13
Info (12021): Found 1 design units, including 1 entities, in source file control/condunit.sv
    Info (12023): Found entity 1: condunit File: C:/Users/abiga/Desktop/ArquiII/ComputerArchitecture2_VectorCPU/Microarchitecture/microarquitectura/Control/condunit.sv Line: 1
Info (12021): Found 1 design units, including 1 entities, in source file hazards/hazardsunit.sv
    Info (12023): Found entity 1: hazardsUnit File: C:/Users/abiga/Desktop/ArquiII/ComputerArchitecture2_VectorCPU/Microarchitecture/microarquitectura/Hazards/hazardsUnit.sv Line: 10
Info (12021): Found 1 design units, including 1 entities, in source file execute/vector_alu/vectorfpmultiplier.sv
    Info (12023): Found entity 1: vectorFPMultiplier File: C:/Users/abiga/Desktop/ArquiII/ComputerArchitecture2_VectorCPU/Microarchitecture/microarquitectura/Execute/VECTOR_ALU/vectorFPMultiplier.sv Line: 1
Info (12021): Found 1 design units, including 1 entities, in source file control/controlunit.sv
    Info (12023): Found entity 1: controlUnit File: C:/Users/abiga/Desktop/ArquiII/ComputerArchitecture2_VectorCPU/Microarchitecture/microarquitectura/Control/controlUnit.sv Line: 2
Info (12021): Found 1 design units, including 1 entities, in source file tests/testcontrolunit.sv
    Info (12023): Found entity 1: testControlUnit File: C:/Users/abiga/Desktop/ArquiII/ComputerArchitecture2_VectorCPU/Microarchitecture/microarquitectura/Tests/testControlUnit.sv Line: 1
Info (12021): Found 1 design units, including 1 entities, in source file tests/testalu.sv
    Info (12023): Found entity 1: testALU File: C:/Users/abiga/Desktop/ArquiII/ComputerArchitecture2_VectorCPU/Microarchitecture/microarquitectura/Tests/testALU.sv Line: 1
Info (12021): Found 1 design units, including 1 entities, in source file tests/testcondunit.sv
    Info (12023): Found entity 1: testCondUnit File: C:/Users/abiga/Desktop/ArquiII/ComputerArchitecture2_VectorCPU/Microarchitecture/microarquitectura/Tests/testCondUnit.sv Line: 1
Info (12021): Found 1 design units, including 1 entities, in source file tests/testaluv.sv
    Info (12023): Found entity 1: testAluV File: C:/Users/abiga/Desktop/ArquiII/ComputerArchitecture2_VectorCPU/Microarchitecture/microarquitectura/Tests/testAluV.sv Line: 1
Info (12021): Found 1 design units, including 1 entities, in source file tests/testfecth.sv
    Info (12023): Found entity 1: testFecth File: C:/Users/abiga/Desktop/ArquiII/ComputerArchitecture2_VectorCPU/Microarchitecture/microarquitectura/Tests/testFecth.sv Line: 1
Warning (10236): Verilog HDL Implicit Net warning at Execute.sv(41): created implicit net for "scalarData2Final" File: C:/Users/abiga/Desktop/ArquiII/ComputerArchitecture2_VectorCPU/Microarchitecture/microarquitectura/Execute/Execute.sv Line: 41
Warning (10236): Verilog HDL Implicit Net warning at Execute.sv(48): created implicit net for "vectorData2Final" File: C:/Users/abiga/Desktop/ArquiII/ComputerArchitecture2_VectorCPU/Microarchitecture/microarquitectura/Execute/Execute.sv Line: 48
Info (12127): Elaborating entity "ALU" for the top level hierarchy
Info (12128): Elaborating entity "Adder_Substractor" for hierarchy "Adder_Substractor:Sumador" File: C:/Users/abiga/Desktop/ArquiII/ComputerArchitecture2_VectorCPU/Microarchitecture/microarquitectura/Execute/ALU/ALU.sv Line: 26
Warning (10739): Verilog HDL warning at Adder_Substractor.sv(34): actual bit length 32 differs from formal bit length 1 File: C:/Users/abiga/Desktop/ArquiII/ComputerArchitecture2_VectorCPU/Microarchitecture/microarquitectura/Execute/ALU/Adder_Substractor.sv Line: 34
Info (12128): Elaborating entity "Complement" for hierarchy "Adder_Substractor:Sumador|Complement:FullComplement" File: C:/Users/abiga/Desktop/ArquiII/ComputerArchitecture2_VectorCPU/Microarchitecture/microarquitectura/Execute/ALU/Adder_Substractor.sv Line: 24
Info (12128): Elaborating entity "FullAdder" for hierarchy "Adder_Substractor:Sumador|FullAdder:generate_Adder_Substractor[0].bitAdder" File: C:/Users/abiga/Desktop/ArquiII/ComputerArchitecture2_VectorCPU/Microarchitecture/microarquitectura/Execute/ALU/Adder_Substractor.sv Line: 32
Info (12128): Elaborating entity "multiplicador" for hierarchy "multiplicador:Multiplicador" File: C:/Users/abiga/Desktop/ArquiII/ComputerArchitecture2_VectorCPU/Microarchitecture/microarquitectura/Execute/ALU/ALU.sv Line: 28
Info (12128): Elaborating entity "divisor" for hierarchy "divisor:Divisor" File: C:/Users/abiga/Desktop/ArquiII/ComputerArchitecture2_VectorCPU/Microarchitecture/microarquitectura/Execute/ALU/ALU.sv Line: 29
Info (278001): Inferred 2 megafunctions from design logic
    Info (278004): Inferred divider/modulo megafunction ("lpm_divide") from the following logic: "divisor:Divisor|Div0" File: C:/Users/abiga/Desktop/ArquiII/ComputerArchitecture2_VectorCPU/Microarchitecture/microarquitectura/Execute/ALU/divisor.sv Line: 10
    Info (278003): Inferred multiplier megafunction ("lpm_mult") from the following logic: "multiplicador:Multiplicador|Mult0" File: C:/Users/abiga/Desktop/ArquiII/ComputerArchitecture2_VectorCPU/Microarchitecture/microarquitectura/Execute/ALU/multiplicador.sv Line: 9
Info (12130): Elaborated megafunction instantiation "divisor:Divisor|lpm_divide:Div0" File: C:/Users/abiga/Desktop/ArquiII/ComputerArchitecture2_VectorCPU/Microarchitecture/microarquitectura/Execute/ALU/divisor.sv Line: 10
Info (12133): Instantiated megafunction "divisor:Divisor|lpm_divide:Div0" with the following parameter: File: C:/Users/abiga/Desktop/ArquiII/ComputerArchitecture2_VectorCPU/Microarchitecture/microarquitectura/Execute/ALU/divisor.sv Line: 10
    Info (12134): Parameter "LPM_WIDTHN" = "18"
    Info (12134): Parameter "LPM_WIDTHD" = "18"
    Info (12134): Parameter "LPM_NREPRESENTATION" = "SIGNED"
    Info (12134): Parameter "LPM_DREPRESENTATION" = "SIGNED"
    Info (12134): Parameter "LPM_HINT" = "LPM_REMAINDERPOSITIVE=FALSE"
Info (12021): Found 1 design units, including 1 entities, in source file db/lpm_divide_b6p.tdf
    Info (12023): Found entity 1: lpm_divide_b6p File: C:/Users/abiga/Desktop/ArquiII/ComputerArchitecture2_VectorCPU/Microarchitecture/microarquitectura/db/lpm_divide_b6p.tdf Line: 24
Info (12021): Found 1 design units, including 1 entities, in source file db/abs_divider_cdg.tdf
    Info (12023): Found entity 1: abs_divider_cdg File: C:/Users/abiga/Desktop/ArquiII/ComputerArchitecture2_VectorCPU/Microarchitecture/microarquitectura/db/abs_divider_cdg.tdf Line: 26
Info (12021): Found 1 design units, including 1 entities, in source file db/alt_u_div_gef.tdf
    Info (12023): Found entity 1: alt_u_div_gef File: C:/Users/abiga/Desktop/ArquiII/ComputerArchitecture2_VectorCPU/Microarchitecture/microarquitectura/db/alt_u_div_gef.tdf Line: 26
Info (12021): Found 1 design units, including 1 entities, in source file db/add_sub_1tc.tdf
    Info (12023): Found entity 1: add_sub_1tc File: C:/Users/abiga/Desktop/ArquiII/ComputerArchitecture2_VectorCPU/Microarchitecture/microarquitectura/db/add_sub_1tc.tdf Line: 22
Info (12021): Found 1 design units, including 1 entities, in source file db/add_sub_2tc.tdf
    Info (12023): Found entity 1: add_sub_2tc File: C:/Users/abiga/Desktop/ArquiII/ComputerArchitecture2_VectorCPU/Microarchitecture/microarquitectura/db/add_sub_2tc.tdf Line: 22
Info (12021): Found 1 design units, including 1 entities, in source file db/lpm_abs_g4a.tdf
    Info (12023): Found entity 1: lpm_abs_g4a File: C:/Users/abiga/Desktop/ArquiII/ComputerArchitecture2_VectorCPU/Microarchitecture/microarquitectura/db/lpm_abs_g4a.tdf Line: 24
Info (12130): Elaborated megafunction instantiation "multiplicador:Multiplicador|lpm_mult:Mult0" File: C:/Users/abiga/Desktop/ArquiII/ComputerArchitecture2_VectorCPU/Microarchitecture/microarquitectura/Execute/ALU/multiplicador.sv Line: 9
Info (12133): Instantiated megafunction "multiplicador:Multiplicador|lpm_mult:Mult0" with the following parameter: File: C:/Users/abiga/Desktop/ArquiII/ComputerArchitecture2_VectorCPU/Microarchitecture/microarquitectura/Execute/ALU/multiplicador.sv Line: 9
    Info (12134): Parameter "LPM_WIDTHA" = "18"
    Info (12134): Parameter "LPM_WIDTHB" = "18"
    Info (12134): Parameter "LPM_WIDTHP" = "36"
    Info (12134): Parameter "LPM_WIDTHR" = "36"
    Info (12134): Parameter "LPM_WIDTHS" = "1"
    Info (12134): Parameter "LPM_REPRESENTATION" = "SIGNED"
    Info (12134): Parameter "INPUT_A_IS_CONSTANT" = "NO"
    Info (12134): Parameter "INPUT_B_IS_CONSTANT" = "NO"
    Info (12134): Parameter "MAXIMIZE_SPEED" = "6"
Info (12021): Found 1 design units, including 1 entities, in source file db/mult_6at.tdf
    Info (12023): Found entity 1: mult_6at File: C:/Users/abiga/Desktop/ArquiII/ComputerArchitecture2_VectorCPU/Microarchitecture/microarquitectura/db/mult_6at.tdf Line: 28
Warning (12241): 2 hierarchies have connectivity warnings - see the Connectivity Checks report folder
Info (13014): Ignored 34 buffer(s)
    Info (13016): Ignored 34 CARRY_SUM buffer(s)
Info (286030): Timing-Driven Synthesis is running
Info (144001): Generated suppressed messages file C:/Users/abiga/Desktop/ArquiII/ComputerArchitecture2_VectorCPU/Microarchitecture/microarquitectura/output_files/VectorizedCPU.map.smsg
Info (16010): Generating hard_block partition "hard_block:auto_generated_inst"
    Info (16011): Adding 0 node(s), including 0 DDIO, 0 PLL, 0 transceiver and 0 LCELL
Info (21057): Implemented 641 device resources after synthesis - the final resource count might be different
    Info (21058): Implemented 39 input pins
    Info (21059): Implemented 22 output pins
    Info (21061): Implemented 578 logic cells
    Info (21062): Implemented 2 DSP elements
Info: Quartus Prime Analysis & Synthesis was successful. 0 errors, 6 warnings
    Info: Peak virtual memory: 4862 megabytes
    Info: Processing ended: Sun Oct 23 20:41:53 2022
    Info: Elapsed time: 00:00:16
    Info: Total CPU time (on all processors): 00:00:30


+------------------------------------------+
; Analysis & Synthesis Suppressed Messages ;
+------------------------------------------+
The suppressed messages can be found in C:/Users/abiga/Desktop/ArquiII/ComputerArchitecture2_VectorCPU/Microarchitecture/microarquitectura/output_files/VectorizedCPU.map.smsg.


